// Jest Snapshot v1, https://goo.gl/fbAQLP

exports[`<SubscriptionRow /> matches the snapshot 1`] = `
<div
  className="table-item-container null"
>
  <div
    className="profile-tab-item-text-container"
  >
    <p>
      loading...
    </p>
  </div>
  <div>
    <button
      className="icon-button"
      onClick={[Function]}
    >
      <svg
        className="row-delete-icon"
        fill="currentColor"
        height="1.5em"
        size="1.5em"
        stroke="currentColor"
        strokeWidth="0"
        style={
          Object {
            "color": undefined,
          }
        }
        viewBox="0 0 24 24"
        width="1.5em"
        xmlns="http://www.w3.org/2000/svg"
      >
        <path
          d="M6 19c0 1.1.9 2 2 2h8c1.1 0 2-.9 2-2V7H6v12zm2.46-7.12l1.41-1.41L12 12.59l2.12-2.12 1.41 1.41L13.41 14l2.12 2.12-1.41 1.41L12 15.41l-2.12 2.12-1.41-1.41L10.59 14l-2.13-2.12zM15.5 4l-1-1h-5l-1 1H5v2h14V4z"
        />
      </svg>
    </button>
  </div>
</div>
`;
