// Jest Snapshot v1, https://goo.gl/fbAQLP

exports[`<ResetPassword /> matches the snapshot 1`] = `
<div
  className="form-container col-md-4 offset-md-4"
>
  <div
    id="logo-container"
  >
    <img
      alt="Upvent logo"
      id="logo"
      src="upvent.png"
    />
  </div>
  <form
    name="form"
    onSubmit={[Function]}
  >
    <p
      id="reset-password-title"
    >
      Hello, 
      
    </p>
    <div
      className="form-group"
    >
      <label
        htmlFor="password"
      >
        New password
        <p
          className="compulsory-asterisk"
        >
          *
        </p>
      </label>
      <input
        className="form-control"
        name="password"
        onChange={[Function]}
        type="password"
        value=""
      />
    </div>
    <div
      className="form-group"
    >
      <label
        htmlFor="confirmPassword"
      >
        Confirm new password
        <p
          className="compulsory-asterisk"
        >
          *
        </p>
      </label>
      <input
        className="form-control"
        name="confirmPassword"
        onChange={[Function]}
        type="password"
        value=""
      />
    </div>
    <div
      className="form-group"
      id="reset-password-button-container"
    >
      <button
        className="btn btn-primary"
        disabled={false}
      >
        Reset password
      </button>
    </div>
    
  </form>
  <div
    className="strike"
  >
    <span>
      or
    </span>
  </div>
  <div
    id="question-container"
  >
    <a
      href="/login"
    >
      Return to log in
    </a>
  </div>
</div>
`;
