// Jest Snapshot v1, https://goo.gl/fbAQLP

exports[`<ForgotPassword /> matches the snapshot 1`] = `
<div
  className="form-container col-md-4 offset-md-4"
>
  <div
    id="logo-container"
  >
    <img
      alt="Upvent logo"
      id="logo"
      src="upvent.png"
    />
  </div>
  <form
    name="form"
    onSubmit={[Function]}
  >
    <div
      className="form-group"
    >
      <label
        htmlFor="email"
      >
        Email
        <p
          className="compulsory-asterisk"
        >
          *
        </p>
      </label>
      <input
        className="form-control"
        name="email"
        onChange={[Function]}
        type="text"
        value=""
      />
    </div>
    <div
      className="form-group"
      id="forgot-password-button-container"
    >
      <button
        className="btn btn-primary"
        disabled={false}
        id="forgot-password-button"
      >
        Send password reset link
      </button>
    </div>
    
  </form>
  <div
    className="strike"
  >
    <span>
      or
    </span>
  </div>
  <div
    id="question-container"
  >
    <a
      href="/login"
    >
      Return to log in
    </a>
  </div>
</div>
`;
